> Task :app:preBuild UP-TO-DATE
> Task :app:preDebugBuild UP-TO-DATE
> Task :app:generateDebugBuildConfig UP-TO-DATE
> Task :app:checkDebugAarMetadata UP-TO-DATE
> Task :app:generateDebugResValues UP-TO-DATE
> Task :app:mapDebugSourceSetPaths UP-TO-DATE
> Task :app:generateDebugResources UP-TO-DATE
> Task :app:mergeDebugResources UP-TO-DATE
> Task :app:packageDebugResources UP-TO-DATE
> Task :app:parseDebugLocalResources UP-TO-DATE
> Task :app:createDebugCompatibleScreenManifests UP-TO-DATE
> Task :app:extractDeepLinksDebug UP-TO-DATE
> Task :app:processDebugMainManifest UP-TO-DATE
> Task :app:processDebugManifest UP-TO-DATE
> Task :app:processDebugManifestForPackage UP-TO-DATE
> Task :app:processDebugResources

> Task :app:kspDebugKotlin
e: [ksp] Each bind variable in the query must have a matching function parameter. Cannot find function parameters for :sending.
e: [ksp] Each bind variable in the query must have a matching function parameter. Cannot find function parameters for :cancelled.
e: [ksp] Each bind variable in the query must have a matching function parameter. Cannot find function parameters for :failed.
e: [ksp] Each bind variable in the query must have a matching function parameter. Cannot find function parameters for :sent.
e: [ksp] Each bind variable in the query must have a matching function parameter. Cannot find function parameters for :failed.
e: [ksp] Each bind variable in the query must have a matching function parameter. Cannot find function parameters for :failed.

> Task :app:kspDebugKotlin FAILED
.\gradlew.bat : 
At line:1 char:129
+ ... ew($false); .\gradlew.bat :app:kspDebugKotlin --console=plain 2>&1 |  ...
+                 ~~~~~~~~~~~~~~~~~~~~~~~~~~~~~~~~~~~~~~~~~~~~~~~~~~~~~~
    + CategoryInfo          : NotSpecified: (:String) [], RemoteException
    + FullyQualifiedErrorId : NativeCommandError
 
FAILURE: Build failed with an exception.

* What went wrong:
Execution failed for task ':app:kspDebugKotlin'.
> A failure occurred while executing com.google.devtools.ksp.gradle.KspAAWorkerAction
   > KSP failed with exit code: PROCESSING_ERROR

* Try:
> Run with --stacktrace option to get the stack trace.
> Run with --info or --debug option to get more log output.
> Run with --scan to get full insights.
> Get more help at https://help.gradle.org.

BUILD FAILED in 58s
15 actionable tasks: 2 executed, 13 up-to-date
