> Task :app:checkKotlinGradlePluginConfigurationErrors SKIPPED
> Task :app:preBuild UP-TO-DATE
> Task :app:preDebugBuild UP-TO-DATE
> Task :app:generateDebugBuildConfig UP-TO-DATE
> Task :app:checkDebugAarMetadata UP-TO-DATE
> Task :app:generateDebugResValues UP-TO-DATE
> Task :app:mapDebugSourceSetPaths UP-TO-DATE
> Task :app:generateDebugResources UP-TO-DATE
> Task :app:mergeDebugResources UP-TO-DATE
> Task :app:packageDebugResources UP-TO-DATE
> Task :app:parseDebugLocalResources UP-TO-DATE
> Task :app:createDebugCompatibleScreenManifests UP-TO-DATE
> Task :app:extractDeepLinksDebug UP-TO-DATE
> Task :app:processDebugMainManifest UP-TO-DATE
> Task :app:processDebugManifest UP-TO-DATE
> Task :app:processDebugManifestForPackage UP-TO-DATE
> Task :app:processDebugResources UP-TO-DATE
> Task :app:kspDebugKotlin UP-TO-DATE
> Task :app:compileDebugKotlin UP-TO-DATE
> Task :app:javaPreCompileDebug UP-TO-DATE
> Task :app:compileDebugJavaWithJavac UP-TO-DATE
> Task :app:bundleDebugClassesToRuntimeJar UP-TO-DATE
> Task :app:bundleDebugClassesToCompileJar UP-TO-DATE
> Task :app:kspDebugUnitTestKotlin UP-TO-DATE
> Task :app:compileDebugUnitTestKotlin UP-TO-DATE
> Task :app:preDebugUnitTestBuild UP-TO-DATE
> Task :app:javaPreCompileDebugUnitTest UP-TO-DATE
> Task :app:compileDebugUnitTestJavaWithJavac NO-SOURCE
> Task :app:processDebugJavaRes UP-TO-DATE
> Task :app:processDebugUnitTestJavaRes UP-TO-DATE

> Task :app:testDebugUnitTest

ClassificationBackfillSqlTest > a re-run does not re-classify the same rows FAILED
    org.sqlite.SQLiteException at ClassificationBackfillSqlTest.kt:332

ClassificationBackfillSqlTest > a completed sweep is idempotent FAILED
    java.lang.AssertionError at ClassificationBackfillSqlTest.kt:175

ClassificationBackfillSqlTest > a full batch is capped at the requested limit and never exceeds it FAILED
    org.sqlite.SQLiteException at ClassificationBackfillSqlTest.kt:332

ClassificationBackfillSqlTest > the cursor advances and resumes correctly FAILED
    org.sqlite.SQLiteException at ClassificationBackfillSqlTest.kt:332

ClassificationBackfillSqlTest > the final short batch ends the sweep FAILED
    org.sqlite.SQLiteException at ClassificationBackfillSqlTest.kt:332

DelayedSendStateMachineTest > sendable states are derived from the transition table FAILED
    java.lang.AssertionError at DelayedSendStateMachineTest.kt:162

InConversationSearchLogicTest > the hard cap wins even for an absurd request FAILED
    java.lang.AssertionError at InConversationSearchLogicTest.kt:89

InConversationSearchLogicTest > overlapping token matches are merged into one range FAILED
    java.lang.AssertionError at InConversationSearchLogicTest.kt:180

InConversationSearchLogicTest > persian ZWNJ is folded so a match is still highlighted FAILED
    java.lang.AssertionError at InConversationSearchLogicTest.kt:170

InConversationSearchLogicTest > highlight treats FTS operators as literal text FAILED
    java.lang.AssertionError at InConversationSearchLogicTest.kt:154

InConversationSearchRepositoryTest > jump resolves the exact row then reads two bounded keyset windows FAILED
    java.lang.AssertionError at InConversationSearchRepositoryTest.kt:405

InConversationSearchRepositoryTest > keystrokes inside the quiet period collapse into one query FAILED
    org.junit.ComparisonFailure at InConversationSearchRepositoryTest.kt:509

InConversationSearchRepositoryTest > a conversation tombstone hides its snapshot from search FAILED
    java.lang.AssertionError at InConversationSearchRepositoryTest.kt:347

InConversationSearchRepositoryTest > SMS 100 and MMS 100 resolve to different messages FAILED
    org.junit.ComparisonFailure at InConversationSearchRepositoryTest.kt:374

InConversationSearchRepositoryTest > jump reports which sides still have history to crawl FAILED
    java.lang.AssertionError at InConversationSearchRepositoryTest.kt:459

MessageAssetSqlTest > deleting a message removes exactly its own assets FAILED
    java.lang.AssertionError at MessageAssetSqlTest.kt:253

MessageClassifierTest > a known-contact lookup failure degrades the category and never throws FAILED
    java.lang.AssertionError at MessageClassifierTest.kt:340

MessageClassifierTest > an ordinary phone number is a person-like sender FAILED
    java.lang.AssertionError at MessageClassifierTest.kt:194

OtpRetentionPolicyTest > an overdue deadline inside the tolerance window is still eligible FAILED
    java.lang.AssertionError at OtpRetentionPolicyTest.kt:192

OtpRetentionPolicyTest > a starred OTP reports STARRED not a generic refusal FAILED
    java.lang.AssertionError at OtpRetentionPolicyTest.kt:164

SmartCategoriesContractTest > the cursor advances strictly backwards through the canonical order FAILED
    java.lang.AssertionError at SmartCategoriesContractTest.kt:272
.\gradlew.bat : 
At line:1 char:170
+ ... \Messages"; .\gradlew.bat testDebugUnitTest --tests "com.autonomouson ...
+                 ~~~~~~~~~~~~~~~~~~~~~~~~~~~~~~~~~~~~~~~~~~~~~~~~~~~~~~~~~
    + CategoryInfo          : NotSpecified: (:String) [], RemoteException
    + FullyQualifiedErrorId : NativeCommandError
 
162 tests completed, 21 failed

> Task :app:testDebugUnitTest FAILED

FAILURE: Build failed with an exception.

* What went wrong:
Execution failed for task ':app:testDebugUnitTest'.
> There were failing tests. See the report at: 
file:///C:/Users/Mahna/sms%20center/Messages/app/build/reports/tests/testDebugUnitTest/index.html

* Try:
> Run with --scan to get full insights.

BUILD FAILED in 6s
26 actionable tasks: 1 executed, 25 up-to-date
